[2026-01-29 17:22:26] local.ERROR: Invalid URI: Host is malformed. {"exception":"[object] (Symfony\\Component\\HttpFoundation\\Exception\\BadRequestException(code: 0): Invalid URI: Host is malformed. at //NOVOSISTEMA.FOCO7.COM.BR@SSL@2078/DAVWWWROOT/backend/vendor/symfony/http-foundation/Request.php:367)
[stacktrace]
#0 //NOVOSISTEMA.FOCO7.COM.BR@SSL@2078/DAVWWWROOT/backend/vendor/laravel/framework/src/Illuminate/Foundation/Bootstrap/SetRequestForConsole.php(31): Symfony/Component/HttpFoundation/Request::create()
#1 //NOVOSISTEMA.FOCO7.COM.BR@SSL@2078/DAVWWWROOT/backend/vendor/laravel/framework/src/Illuminate/Foundation/Application.php(286): Illuminate/Foundation/Bootstrap/SetRequestForConsole->bootstrap()
#2 //NOVOSISTEMA.FOCO7.COM.BR@SSL@2078/DAVWWWROOT/backend/vendor/laravel/framework/src/Illuminate/Foundation/Console/Kernel.php(447): Illuminate/Foundation/Application->bootstrapWith()
#3 //NOVOSISTEMA.FOCO7.COM.BR@SSL@2078/DAVWWWROOT/backend/vendor/laravel/framework/src/Illuminate/Foundation/Console/ConfigCacheCommand.php(90): Illuminate/Foundation/Console/Kernel->bootstrap()
#4 //NOVOSISTEMA.FOCO7.COM.BR@SSL@2078/DAVWWWROOT/backend/vendor/laravel/framework/src/Illuminate/Foundation/Console/ConfigCacheCommand.php(60): Illuminate/Foundation/Console/ConfigCacheCommand->getFreshConfiguration()
#5 //NOVOSISTEMA.FOCO7.COM.BR@SSL@2078/DAVWWWROOT/backend/vendor/laravel/framework/src/Illuminate/Container/BoundMethod.php(36): Illuminate/Foundation/Console/ConfigCacheCommand->handle()
#6 //NOVOSISTEMA.FOCO7.COM.BR@SSL@2078/DAVWWWROOT/backend/vendor/laravel/framework/src/Illuminate/Container/Util.php(41): Illuminate/Container/BoundMethod::{closure:Illuminate/Container/BoundMethod::call():35}()
#7 //NOVOSISTEMA.FOCO7.COM.BR@SSL@2078/DAVWWWROOT/backend/vendor/laravel/framework/src/Illuminate/Container/BoundMethod.php(93): Illuminate/Container/Util::unwrapIfClosure()
#8 //NOVOSISTEMA.FOCO7.COM.BR@SSL@2078/DAVWWWROOT/backend/vendor/laravel/framework/src/Illuminate/Container/BoundMethod.php(35): Illuminate/Container/BoundMethod::callBoundMethod()
#9 //NOVOSISTEMA.FOCO7.COM.BR@SSL@2078/DAVWWWROOT/backend/vendor/laravel/framework/src/Illuminate/Container/Container.php(662): Illuminate/Container/BoundMethod::call()
#10 //NOVOSISTEMA.FOCO7.COM.BR@SSL@2078/DAVWWWROOT/backend/vendor/laravel/framework/src/Illuminate/Console/Command.php(211): Illuminate/Container/Container->call()
#11 //NOVOSISTEMA.FOCO7.COM.BR@SSL@2078/DAVWWWROOT/backend/vendor/symfony/console/Command/Command.php(326): Illuminate/Console/Command->execute()
#12 //NOVOSISTEMA.FOCO7.COM.BR@SSL@2078/DAVWWWROOT/backend/vendor/laravel/framework/src/Illuminate/Console/Command.php(180): Symfony/Component/Console/Command/Command->run()
#13 //NOVOSISTEMA.FOCO7.COM.BR@SSL@2078/DAVWWWROOT/backend/vendor/symfony/console/Application.php(1106): Illuminate/Console/Command->run()
#14 //NOVOSISTEMA.FOCO7.COM.BR@SSL@2078/DAVWWWROOT/backend/vendor/symfony/console/Application.php(324): Symfony/Component/Console/Application->doRunCommand()
#15 //NOVOSISTEMA.FOCO7.COM.BR@SSL@2078/DAVWWWROOT/backend/vendor/symfony/console/Application.php(175): Symfony/Component/Console/Application->doRun()
#16 //NOVOSISTEMA.FOCO7.COM.BR@SSL@2078/DAVWWWROOT/backend/vendor/laravel/framework/src/Illuminate/Foundation/Console/Kernel.php(201): Symfony/Component/Console/Application->run()
#17 //NOVOSISTEMA.FOCO7.COM.BR@SSL@2078/DAVWWWROOT/backend/artisan(16): Illuminate/Foundation/Console/Kernel->handle()
#18 {main}
"} 
